[Message:   BepInEx] BepInEx 5.4.23.5 - NuclearOption (11/3/2025 6:28:48 PM)
[Info   :   BepInEx] Running under Unity v2022.3.62.7762112
[Info   :   BepInEx] CLR runtime version: 4.0.30319.42000
[Info   :   BepInEx] Supports SRE: True
[Info   :   BepInEx] System platform: Bits64, Windows
[Message:   BepInEx] Preloader started
[Info   :   BepInEx] Loaded 1 patcher method from [BepInEx.Preloader 5.4.23.5]
[Info   :   BepInEx] 1 patcher plugin loaded
[Info   :   BepInEx] Patching [UnityEngine.CoreModule] with [BepInEx.Chainloader]
[Message:   BepInEx] Preloader finished
[Message:   BepInEx] Chainloader ready
[Message:   BepInEx] Chainloader started
[Info   :   BepInEx] 2 plugins to load
[Info   :   BepInEx] Loading [Configuration Manager 18.4.1]
[Info   :   BepInEx] Loading [Checkpoint Charlie's Cruise Missile (Alternate destination) 1.2.1]
[Info   :Checkpoint Charlie's Cruise Missile (Alternate destination)] Checkpoint Charlie's Cruise Missile Mod Loaded!
[Info   :Checkpoint Charlie's Cruise Missile (Alternate destination)] field: <AllowedToOpen>k__BackingField System.Boolean
[Info   :Checkpoint Charlie's Cruise Missile (Alternate destination)] field: HQ FactionHQ
[Info   :Checkpoint Charlie's Cruise Missile (Alternate destination)] field: viewIndicator UnityEngine.GameObject
[Info   :Checkpoint Charlie's Cruise Missile (Alternate destination)] field: mapImage UnityEngine.GameObject
[Info   :Checkpoint Charlie's Cruise Missile (Alternate destination)] field: mapBackground UnityEngine.UI.Image
[Info   :Checkpoint Charlie's Cruise Missile (Alternate destination)] field: mapScaleMinimized System.Single
[Info   :Checkpoint Charlie's Cruise Missile (Alternate destination)] field: mapScaleMaximized System.Single
[Info   :Checkpoint Charlie's Cruise Missile (Alternate destination)] field: mapScaleCurrent System.Single
[Info   :Checkpoint Charlie's Cruise Missile (Alternate destination)] field: mapLastUpdated System.Single
[Info   :Checkpoint Charlie's Cruise Missile (Alternate destination)] field: mapDimensions UnityEngine.Vector2
[Info   :Checkpoint Charlie's Cruise Missile (Alternate destination)] field: mapScaleCenter UnityEngine.Transform
[Info   :Checkpoint Charlie's Cruise Missile (Alternate destination)] field: mapScaleProxy UnityEngine.Transform
[Info   :Checkpoint Charlie's Cruise Missile (Alternate destination)] field: mapTransform UnityEngine.RectTransform
[Info   :Checkpoint Charlie's Cruise Missile (Alternate destination)] field: hudMapAnchor UnityEngine.GameObject
[Info   :Checkpoint Charlie's Cruise Missile (Alternate destination)] field: mapRectTransform UnityEngine.RectTransform
[Info   :Checkpoint Charlie's Cruise Missile (Alternate destination)] field: backgroundRectTransform UnityEngine.RectTransform
[Info   :Checkpoint Charlie's Cruise Missile (Alternate destination)] field: mapCenter UnityEngine.Vector2
[Info   :Checkpoint Charlie's Cruise Missile (Alternate destination)] field: positionOffset UnityEngine.Vector2
[Info   :Checkpoint Charlie's Cruise Missile (Alternate destination)] field: stationaryOffset UnityEngine.Vector2
[Info   :Checkpoint Charlie's Cruise Missile (Alternate destination)] field: followingCamera System.Boolean
[Info   :Checkpoint Charlie's Cruise Missile (Alternate destination)] field: iconLayer UnityEngine.GameObject
[Info   :Checkpoint Charlie's Cruise Missile (Alternate destination)] field: infoLayer UnityEngine.GameObject
[Info   :Checkpoint Charlie's Cruise Missile (Alternate destination)] field: airbaseLayer UnityEngine.GameObject
[Info   :Checkpoint Charlie's Cruise Missile (Alternate destination)] field: radarVisPrefab UnityEngine.GameObject
[Info   :Checkpoint Charlie's Cruise Missile (Alternate destination)] field: notchLinePrefab UnityEngine.GameObject
[Info   :Checkpoint Charlie's Cruise Missile (Alternate destination)] field: toolTip MapToolTip
[Info   :Checkpoint Charlie's Cruise Missile (Alternate destination)] field: radarVisualizations System.Collections.Generic.List`1[[DynamicMap+RadarMapVis, Assembly-CSharp, Version=0.0.0.0, Culture=neutral, PublicKeyToken=null]]
[Info   :Checkpoint Charlie's Cruise Missile (Alternate destination)] field: mapCanvas UnityEngine.Canvas
[Info   :Checkpoint Charlie's Cruise Missile (Alternate destination)] field: unitMapIconPrefab UnitMapIcon
[Info   :Checkpoint Charlie's Cruise Missile (Alternate destination)] field: airbaseMapIconPrefab AirbaseMapIcon
[Info   :Checkpoint Charlie's Cruise Missile (Alternate destination)] field: targetMarker UnityEngine.GameObject
[Info   :Checkpoint Charlie's Cruise Missile (Alternate destination)] field: jammedMarker UnityEngine.GameObject
[Info   :Checkpoint Charlie's Cruise Missile (Alternate destination)] field: <mapIcons>k__BackingField System.Collections.Generic.List`1[[MapIcon, Assembly-CSharp, Version=0.0.0.0, Culture=neutral, PublicKeyToken=null]]
[Info   :Checkpoint Charlie's Cruise Missile (Alternate destination)] field: <mapMarkers>k__BackingField System.Collections.Generic.List`1[[MapMarker, Assembly-CSharp, Version=0.0.0.0, Culture=neutral, PublicKeyToken=null]]
[Info   :Checkpoint Charlie's Cruise Missile (Alternate destination)] field: iconLookup System.Collections.Generic.Dictionary`2[[Unit, Assembly-CSharp, Version=0.0.0.0, Culture=neutral, PublicKeyToken=null],[UnitMapIcon, Assembly-CSharp, Version=0.0.0.0, Culture=neutral, PublicKeyToken=null]]
[Info   :Checkpoint Charlie's Cruise Missile (Alternate destination)] field: airbaseIconLookup System.Collections.Generic.Dictionary`2[[Airbase, Assembly-CSharp, Version=0.0.0.0, Culture=neutral, PublicKeyToken=null],[AirbaseMapIcon, Assembly-CSharp, Version=0.0.0.0, Culture=neutral, PublicKeyToken=null]]
[Info   :Checkpoint Charlie's Cruise Missile (Alternate destination)] field: backgroundMinimized UnityEngine.Color
[Info   :Checkpoint Charlie's Cruise Missile (Alternate destination)] field: backgroundMaximized UnityEngine.Color
[Info   :Checkpoint Charlie's Cruise Missile (Alternate destination)] field: topRight UnityEngine.Transform
[Info   :Checkpoint Charlie's Cruise Missile (Alternate destination)] field: bottomLeft UnityEngine.Transform
[Info   :Checkpoint Charlie's Cruise Missile (Alternate destination)] field: selectedIcons System.Collections.Generic.List`1[[MapIcon, Assembly-CSharp, Version=0.0.0.0, Culture=neutral, PublicKeyToken=null]]
[Info   :Checkpoint Charlie's Cruise Missile (Alternate destination)] field: mapWaypoint UnityEngine.GameObject
[Info   :Checkpoint Charlie's Cruise Missile (Alternate destination)] field: mapWaypointVector UnityEngine.GameObject
[Info   :Checkpoint Charlie's Cruise Missile (Alternate destination)] field: waypoints System.Collections.Generic.List`1[[MapWaypoint, Assembly-CSharp, Version=0.0.0.0, Culture=neutral, PublicKeyToken=null]]
[Info   :Checkpoint Charlie's Cruise Missile (Alternate destination)] field: constructWaypoints System.Collections.Generic.List`1[[GlobalPosition, Assembly-CSharp, Version=0.0.0.0, Culture=neutral, PublicKeyToken=null]]
[Info   :Checkpoint Charlie's Cruise Missile (Alternate destination)] field: player Rewired.Player
[Info   :Checkpoint Charlie's Cruise Missile (Alternate destination)] field: clickTime System.Single
[Info   :Checkpoint Charlie's Cruise Missile (Alternate destination)] field: iconIndex System.Int32
[Info   :Checkpoint Charlie's Cruise Missile (Alternate destination)] field: mapDimension System.Single
[Info   :Checkpoint Charlie's Cruise Missile (Alternate destination)] field: mapDisplayFactor System.Single
[Info   :Checkpoint Charlie's Cruise Missile (Alternate destination)] field: <mapMaximized>k__BackingField System.Boolean
[Info   :Checkpoint Charlie's Cruise Missile (Alternate destination)] field: queuedIcons System.Collections.Generic.List`1[[PersistentID, Assembly-CSharp, Version=0.0.0.0, Culture=neutral, PublicKeyToken=null]]
[Info   :Checkpoint Charlie's Cruise Missile (Alternate destination)] field: gridLabels GridLabels
[Info   :Checkpoint Charlie's Cruise Missile (Alternate destination)] field: onMapChanged System.Action
[Info   :Checkpoint Charlie's Cruise Missile (Alternate destination)] field: onMapGenerated System.Action
[Info   :Checkpoint Charlie's Cruise Missile (Alternate destination)] field: onMapMaximized System.Action
[Info   :Checkpoint Charlie's Cruise Missile (Alternate destination)] field: onMapMinimized System.Action
[Info   :Checkpoint Charlie's Cruise Missile (Alternate destination)] field: onAllDeselected System.Action
[Info   :Checkpoint Charlie's Cruise Missile (Alternate destination)] field: onUnitSelected System.Action`1[[Unit, Assembly-CSharp, Version=0.0.0.0, Culture=neutral, PublicKeyToken=null]]
[Info   :Checkpoint Charlie's Cruise Missile (Alternate destination)] field: onUnitDeselected System.Action`1[[Unit, Assembly-CSharp, Version=0.0.0.0, Culture=neutral, PublicKeyToken=null]]
[Info   :Checkpoint Charlie's Cruise Missile (Alternate destination)] field: onShowTypesChanged System.Action
[Info   :Checkpoint Charlie's Cruise Missile (Alternate destination)] field: isJumping System.Boolean
[Info   :Checkpoint Charlie's Cruise Missile (Alternate destination)] field: mapTarget UnityEngine.Vector3
[Info   :Checkpoint Charlie's Cruise Missile (Alternate destination)] field: objectiveMarkerManager ObjectiveMarkerManager
[Info   :Checkpoint Charlie's Cruise Missile (Alternate destination)] field: mapMoveMaxJumpSpeed System.Single
[Info   :Checkpoint Charlie's Cruise Missile (Alternate destination)] field: jumpCameraFocusDistance System.Single
[Info   :Checkpoint Charlie's Cruise Missile (Alternate destination)] field: jumpCameraFocusHeight System.Single
[Info   :Checkpoint Charlie's Cruise Missile (Alternate destination)] field: jumpCameraFocusAngleDown System.Single
[Info   :Checkpoint Charlie's Cruise Missile (Alternate destination)] method: get_AllowedToOpen() returns Boolean
[Info   :Checkpoint Charlie's Cruise Missile (Alternate destination)] method: set_AllowedToOpen(Boolean value) returns Void
[Info   :Checkpoint Charlie's Cruise Missile (Alternate destination)] method: get_mapIcons() returns List`1
[Info   :Checkpoint Charlie's Cruise Missile (Alternate destination)] method: set_mapIcons(List`1 value) returns Void
[Info   :Checkpoint Charlie's Cruise Missile (Alternate destination)] method: get_mapMarkers() returns List`1
[Info   :Checkpoint Charlie's Cruise Missile (Alternate destination)] method: set_mapMarkers(List`1 value) returns Void
[Info   :Checkpoint Charlie's Cruise Missile (Alternate destination)] method: get_mapMaximized() returns Boolean
[Info   :Checkpoint Charlie's Cruise Missile (Alternate destination)] method: set_mapMaximized(Boolean value) returns Void
[Info   :Checkpoint Charlie's Cruise Missile (Alternate destination)] method: add_onMapChanged(Action value) returns Void
[Info   :Checkpoint Charlie's Cruise Missile (Alternate destination)] method: remove_onMapChanged(Action value) returns Void
[Info   :Checkpoint Charlie's Cruise Missile (Alternate destination)] method: add_onMapGenerated(Action value) returns Void
[Info   :Checkpoint Charlie's Cruise Missile (Alternate destination)] method: remove_onMapGenerated(Action value) returns Void
[Info   :Checkpoint Charlie's Cruise Missile (Alternate destination)] method: add_onMapMaximized(Action value) returns Void
[Info   :Checkpoint Charlie's Cruise Missile (Alternate destination)] method: remove_onMapMaximized(Action value) returns Void
[Info   :Checkpoint Charlie's Cruise Missile (Alternate destination)] method: add_onMapMinimized(Action value) returns Void
[Info   :Checkpoint Charlie's Cruise Missile (Alternate destination)] method: remove_onMapMinimized(Action value) returns Void
[Info   :Checkpoint Charlie's Cruise Missile (Alternate destination)] method: add_onAllDeselected(Action value) returns Void
[Info   :Checkpoint Charlie's Cruise Missile (Alternate destination)] method: remove_onAllDeselected(Action value) returns Void
[Info   :Checkpoint Charlie's Cruise Missile (Alternate destination)] method: add_onUnitSelected(Action`1 value) returns Void
[Info   :Checkpoint Charlie's Cruise Missile (Alternate destination)] method: remove_onUnitSelected(Action`1 value) returns Void
[Info   :Checkpoint Charlie's Cruise Missile (Alternate destination)] method: add_onUnitDeselected(Action`1 value) returns Void
[Info   :Checkpoint Charlie's Cruise Missile (Alternate destination)] method: remove_onUnitDeselected(Action`1 value) returns Void
[Info   :Checkpoint Charlie's Cruise Missile (Alternate destination)] method: add_onShowTypesChanged(Action value) returns Void
[Info   :Checkpoint Charlie's Cruise Missile (Alternate destination)] method: remove_onShowTypesChanged(Action value) returns Void
[Info   :Checkpoint Charlie's Cruise Missile (Alternate destination)] method: EnableCanvas(Boolean enable) returns Void
[Info   :Checkpoint Charlie's Cruise Missile (Alternate destination)] method: LoadMapImage(MapSettings mapSettings) returns Void
[Info   :Checkpoint Charlie's Cruise Missile (Alternate destination)] method: ClampToMapEdge(Transform clampedTransform) returns Void
[Info   :Checkpoint Charlie's Cruise Missile (Alternate destination)] method: TryGetMapIcon(Unit unit, UnitMapIcon& mapIcon) returns Boolean
[Info   :Checkpoint Charlie's Cruise Missile (Alternate destination)] method: Awake() returns Void
[Info   :Checkpoint Charlie's Cruise Missile (Alternate destination)] method: OnEnable() returns Void
[Info   :Checkpoint Charlie's Cruise Missile (Alternate destination)] method: ShowNotchLine() returns GameObject
[Info   :Checkpoint Charlie's Cruise Missile (Alternate destination)] method: UnselectAll() returns Void
[Info   :Checkpoint Charlie's Cruise Missile (Alternate destination)] method: Maximize() returns Void
[Info   :Checkpoint Charlie's Cruise Missile (Alternate destination)] method: ShouldShowAirbase() returns Boolean
[Info   :Checkpoint Charlie's Cruise Missile (Alternate destination)] method: Minimize() returns Void
[Info   :Checkpoint Charlie's Cruise Missile (Alternate destination)] method: OnDestroy() returns Void
[Info   :Checkpoint Charlie's Cruise Missile (Alternate destination)] method: CenterMap() returns Void
[Info   :Checkpoint Charlie's Cruise Missile (Alternate destination)] method: ClearMap() returns Void
[Info   :Checkpoint Charlie's Cruise Missile (Alternate destination)] method: GenerateMap(FactionHQ HQ, Boolean showAirbases) returns Void
[Info   :Checkpoint Charlie's Cruise Missile (Alternate destination)] method: RefreshAirbases() returns Void
[Info   :Checkpoint Charlie's Cruise Missile (Alternate destination)] method: ShowAirbases() returns Void
[Info   :Checkpoint Charlie's Cruise Missile (Alternate destination)] method: HideAirbases() returns Void
[Info   :Checkpoint Charlie's Cruise Missile (Alternate destination)] method: ShowRadarPing(OnRadarWarning source) returns Void
[Info   :Checkpoint Charlie's Cruise Missile (Alternate destination)] method: GetCursorCoordinates() returns GlobalPosition
[Info   :Checkpoint Charlie's Cruise Missile (Alternate destination)] method: TryGetCursorCoordinates(GlobalPosition& position) returns Boolean
[Info   :Checkpoint Charlie's Cruise Missile (Alternate destination)] method: IsCursorInMapRectangle() returns Boolean
[Info   :Checkpoint Charlie's Cruise Missile (Alternate destination)] method: SetFaction(FactionHQ HQ) returns Void
[Info   :Checkpoint Charlie's Cruise Missile (Alternate destination)] method: DynamicMap_OnFactionChanged(Unit unit) returns Void
[Info   :Checkpoint Charlie's Cruise Missile (Alternate destination)] method: UpdateUnitFaction(Unit unit) returns Void
[Info   :Checkpoint Charlie's Cruise Missile (Alternate destination)] method: MetersToPixels() returns Single
[Info   :Checkpoint Charlie's Cruise Missile (Alternate destination)] method: FlagIncomingMissile(Unit missileUnit) returns Void
[Info   :Checkpoint Charlie's Cruise Missile (Alternate destination)] method: ClearIncomingMissile(Unit missileUnit) returns Void
[Info   :Checkpoint Charlie's Cruise Missile (Alternate destination)] method: GetOrAddIcon(Unit unit) returns UnitMapIcon
[Message:   BepInEx] Chainloader startup complete
[Info   :Checkpoint Charlie's Cruise Missile (Alternate destination)] Waypoint assigned to selected missile(s) at Global(-41035.9,0.0,30062.6)
[Info   :Checkpoint Charlie's Cruise Missile (Alternate destination)] Adding waypoint directly
[Info   :Checkpoint Charlie's Cruise Missile (Alternate destination)] Waypoint assigned to selected missile(s) at Global(-44484.0,0.0,21351.7)
[Info   :Checkpoint Charlie's Cruise Missile (Alternate destination)] Adding waypoint directly
[Info   :Checkpoint Charlie's Cruise Missile (Alternate destination)] Waypoint assigned to selected missile(s) at Global(-43417.2,0.0,11369.9)
[Info   :Checkpoint Charlie's Cruise Missile (Alternate destination)] Debending mid waypoint -43417.23046875, 11369.9384765625 to -43417.23046875 11369.9384765625
[Info   :Checkpoint Charlie's Cruise Missile (Alternate destination)] Waypoint assigned to selected missile(s) at Global(-44145.0,0.0,-10798.9)
[Info   :Checkpoint Charlie's Cruise Missile (Alternate destination)] Splitting mid waypoint into 1
[Info   :Checkpoint Charlie's Cruise Missile (Alternate destination)] Waypoint assigned to selected missile(s) at Global(-39789.6,-200.0,-16678.8)
[Info   :Checkpoint Charlie's Cruise Missile (Alternate destination)] Splitting mid waypoint into 1
[Info   :Checkpoint Charlie's Cruise Missile (Alternate destination)] Waypoint assigned to selected missile(s) at Global(-35651.9,-198.7,-17803.9)
[Info   :Checkpoint Charlie's Cruise Missile (Alternate destination)] Splitting mid waypoint into 1
[Info   :Checkpoint Charlie's Cruise Missile (Alternate destination)] Waypoint assigned to selected missile(s) at Global(-29336.5,-199.7,-14247.0)
[Info   :Checkpoint Charlie's Cruise Missile (Alternate destination)] Splitting mid waypoint into 1
[Info   :Checkpoint Charlie's Cruise Missile (Alternate destination)] Waypoint assigned to selected missile(s) at Global(-29263.9,-198.6,-9673.8)
[Info   :Checkpoint Charlie's Cruise Missile (Alternate destination)] Splitting mid waypoint into 1
[Info   :Checkpoint Charlie's Cruise Missile (Alternate destination)] Waypoint assigned to selected missile(s) at Global(-33292.7,-194.8,-5717.6)
